
> schemas-work@0.0.1 test:unit
> vitest --run


[1m[46m RUN [49m[22m [36mv3.2.4 [39m[90mC:/Users/asoly/OneDrive/Aplicaciones/schemas-work[39m

